node.exe : ظù 
Validation Error:
At line:1 char:1
+ & "C:\Program Files
\nodejs/node.exe" 
"C:\Program 
Files\nodejs/node_mo 
...
+ ~~~~~~~~~~~~~~~~~~~
~~~~~~~~~~~~~~~~~~~~~
~~~~~~~~~~~~~~~~~~~~~
~~~~~~~~
    + CategoryInfo   
           : NotSpe  
  cified: (ظù Val   
 idation Error::S    
tring) [], Remot    
eException
    + FullyQualified 
   ErrorId : Native  
  CommandError
 

  Preset ts-jest not 
found relative to 
rootDir C:\Users\m2m2
2\IdeaProjects\minecr
aft vidi calc.

  Configuration 
Documentation:
  https://jestjs.io/d
ocs/configuration

